******************************************************************************
                  TI ARM Linker PC v16.9.4                     
******************************************************************************
>> Linked Sat Sep 30 14:12:34 2023

OUTPUT FILE NAME:   <RTOS_Tivaware.out>
ENTRY POINT SYMBOL: "_c_int00"  address: 00000dd1


MEMORY CONFIGURATION

         name            origin    length      used     unused   attr    fill
----------------------  --------  ---------  --------  --------  ----  --------
  FLASH                 00000000   00040000  000014fc  0003eb04  R  X
  SRAM                  20000000   00008000  00003f29  000040d7  RW X


SEGMENT ALLOCATION MAP

run origin  load origin   length   init length attrs members
----------  ----------- ---------- ----------- ----- -------
00000000    00000000    00001500   00001500    r-x
  00000000    00000000    0000026c   0000026c    r-- .intvecs
  0000026c    0000026c    00001078   00001078    r-x .text
  000012e4    000012e4    000001d0   000001d0    r-- .const
  000014b8    000014b8    00000048   00000048    r-- .cinit
20000000    20000000    00003f2c   00000000    rw-
  20000000    20000000    0000026c   00000000    rw- .vtable
  2000026c    2000026c    00003a99   00000000    rw- .bss
  20003d08    20003d08    00000200   00000000    rw- .stack
  20003f08    20003f08    00000024   00000000    rw- .data


SECTION ALLOCATION MAP

 output                                  attributes/
section   page    origin      length       input sections
--------  ----  ----------  ----------   ----------------
.intvecs   0    00000000    0000026c     
                  00000000    0000026c     tm4c123gh6pm_startup_ccs.obj (.intvecs)

.text      0    0000026c    00001078     
                  0000026c    0000016c     driverlib.lib : gpio.obj (.text:GPIOPadConfigSet)
                  000003d8    00000130                   : can.obj (.text:CANMessageSet)
                  00000508    00000128     sender.obj (.text)
                  00000630    00000118     driverlib.lib : sysctl.obj (.text:SysCtlClockGet)
                  00000748    00000100     uart_download.obj (.text)
                  00000848    000000f4     driverlib.lib : sysctl.obj (.text:SysCtlClockSet)
                  0000093c    0000009c     rtsv7M4_T_le_v4SPD16_eabi.lib : memcpy_t2.obj (.text)
                  000009d8    00000080     uart.obj (.text)
                  00000a58    0000007c     timer.obj (.text)
                  00000ad4    0000007a     rtsv7M4_T_le_v4SPD16_eabi.lib : memset_t2.obj (.text)
                  00000b4e    00000002                                   : mpu_init.obj (.text)
                  00000b50    00000074     Flash_can.obj (.text)
                  00000bc4    00000070     rtsv7M4_T_le_v4SPD16_eabi.lib : autoinit.obj (.text)
                  00000c34    0000006c     driverlib.lib : can.obj (.text:CANBitRateSet)
                  00000ca0    00000068                   : interrupt.obj (.text:IntEnable)
                  00000d08    00000068     rtsv7M4_T_le_v4SPD16_eabi.lib : copy_decompress_lzss.obj (.text:decompress:lzss)
                  00000d70    00000060     driverlib.lib : timer.obj (.text:TimerConfigure)
                  00000dd0    00000054     rtsv7M4_T_le_v4SPD16_eabi.lib : boot.obj (.text)
                  00000e24    00000054                                   : exit.obj (.text)
                  00000e78    0000004c     driverlib.lib : gpio.obj (.text:GPIOPinConfigure)
                  00000ec4    0000004c                   : timer.obj (.text:_TimerIntNumberGet)
                  00000f10    0000004c     rtsv7M4_T_le_v4SPD16_eabi.lib : cpy_tbl.obj (.text)
                  00000f5c    00000046     driverlib.lib : uart.obj (.text:UARTConfigSetExpClk)
                  00000fa2    00000040                   : can.obj (.text:CANStatusGet)
                  00000fe2    00000002     rtsv7M4_T_le_v4SPD16_eabi.lib : startup.obj (.text)
                  00000fe4    0000003c     main_reciever.obj (.text)
                  00001020    0000003a     driverlib.lib : can.obj (.text:CANInit)
                  0000105a    00000002     --HOLE-- [fill = 0]
                  0000105c    00000034                   : interrupt.obj (.text:IntRegister)
                  00001090    00000034                   : sysctl.obj (.text:SysCtlPeripheralEnable)
                  000010c4    0000002c                   : gpio.obj (.text:GPIODirModeSet)
                  000010f0    00000024                   : can.obj (.text:_CANDataRegWrite)
                  00001114    00000022                   : can.obj (.text:CANIntClear)
                  00001136    00000020                   : can.obj (.text:CANIntStatus)
                  00001156    00000002     --HOLE-- [fill = 0]
                  00001158    00000020                   : uart.obj (.text:UARTDisable)
                  00001178    0000001a                   : gpio.obj (.text:GPIOPinTypeGPIOOutput)
                  00001192    00000018                   : timer.obj (.text:TimerIntRegister)
                  000011aa    00000002     --HOLE-- [fill = 0]
                  000011ac    00000018     rtsv7M4_T_le_v4SPD16_eabi.lib : args_main.obj (.text)
                  000011c4    00000016     driverlib.lib : gpio.obj (.text:GPIOPinTypeCAN)
                  000011da    00000016                   : gpio.obj (.text:GPIOPinTypeUART)
                  000011f0    00000014                   : uart.obj (.text:UARTEnable)
                  00001204    00000014     rtsv7M4_T_le_v4SPD16_eabi.lib : _lock.obj (.text)
                  00001218    00000014                                   : strlen.obj (.text)
                  0000122c    00000012     driverlib.lib : timer.obj (.text:TimerLoadSet)
                  0000123e    00000010                   : interrupt.obj (.text:IntMasterEnable)
                  0000124e    0000000e                   : timer.obj (.text:TimerEnable)
                  0000125c    0000000e                   : uart.obj (.text:UARTCharsAvail)
                  0000126a    0000000e     rtsv7M4_T_le_v4SPD16_eabi.lib : copy_decompress_none.obj (.text:decompress:none)
                  00001278    0000000c     driverlib.lib : cpu.obj (.text:CPUcpsie)
                  00001284    0000000c     rtsv7M4_T_le_v4SPD16_eabi.lib : copy_zero_init.obj (.text:decompress:ZI)
                  00001290    0000000c     tm4c123gh6pm_startup_ccs.obj (.text)
                  0000129c    0000000a     driverlib.lib : can.obj (.text:CANEnable)
                  000012a6    0000000a                   : uart.obj (.text:UARTCharGet)
                  000012b0    0000000a                   : uart.obj (.text:UARTCharPut)
                  000012ba    00000008                   : can.obj (.text:CANIntEnable)
                  000012c2    00000008                   : timer.obj (.text:TimerIntEnable)
                  000012ca    00000006                   : gpio.obj (.text:GPIOPinRead)
                  000012d0    00000006                   : gpio.obj (.text:GPIOPinWrite)
                  000012d6    00000006                   : sysctl.obj (.text:SysCtlDelay)
                  000012dc    00000004                   : timer.obj (.text:TimerIntClear)
                  000012e0    00000004     rtsv7M4_T_le_v4SPD16_eabi.lib : pre_init.obj (.text)

.const     0    000012e4    000001d0     
                  000012e4    00000090     driverlib.lib : gpio.obj (.const:g_pui32GPIOBaseAddrs)
                  00001374    0000006c                   : sysctl.obj (.const:g_pui32Xtals)
                  000013e0    00000060                   : timer.obj (.const:g_ppui32TimerIntMap)
                  00001440    00000040                   : timer.obj (.const:g_ppui32TimerIntMapSnowflake)
                  00001480    00000020                   : can.obj (.const:g_ui16CANBitValues)
                  000014a0    00000014                   : interrupt.obj (.const:g_pui32EnRegs)

.cinit     0    000014b8    00000048     
                  000014b8    00000014     (.cinit..data.load) [load image, compression = lzss]
                  000014cc    0000000c     (__TI_handler_table)
                  000014d8    00000008     (.cinit..bss.load) [load image, compression = zero_init]
                  000014e0    00000008     (.cinit..vtable.load) [load image, compression = zero_init]
                  000014e8    00000018     (__TI_cinit_table)

.init_array 
*          0    00000000    00000000     UNINITIALIZED

.vtable    0    20000000    0000026c     UNINITIALIZED
                  20000000    0000026c     driverlib.lib : interrupt.obj (.vtable)

.bss       0    2000026c    00003a99     UNINITIALIZED
                  2000026c    00003a98     (.common:dummy_image_0)
                  20003d04    00000001     (.common:code_downloaded_flag)

.stack     0    20003d08    00000200     UNINITIALIZED
                  20003d08    00000200     --HOLE--

.data      0    20003f08    00000024     UNINITIALIZED
                  20003f08    0000000c     rtsv7M4_T_le_v4SPD16_eabi.lib : exit.obj (.data:$O1$$)
                  20003f14    00000008                                   : _lock.obj (.data:$O1$$)
                  20003f1c    00000005     sender.obj (.data)
                  20003f21    00000003     --HOLE--
                  20003f24    00000004     rtsv7M4_T_le_v4SPD16_eabi.lib : stkdepth_vars.obj (.data)
                  20003f28    00000004     uart_download.obj (.data)

MODULE SUMMARY

       Module                         code   ro data   rw data
       ------                         ----   -------   -------
    .\
       main_reciever.obj              60     0         15001  
       tm4c123gh6pm_startup_ccs.obj   12     620       0      
       sender.obj                     296    0         5      
       uart_download.obj              256    0         4      
       uart.obj                       128    0         0      
       timer.obj                      124    0         0      
       Flash_can.obj                  116    0         0      
    +--+------------------------------+------+---------+---------+
       Total:                         992    620       15010  
                                                              
    C:/ti/TivaWare_C_Series-2.2.0.295/driverlib/ccs/Debug/driverlib.lib
       interrupt.obj                  172    20        620    
       gpio.obj                       566    144       0      
       sysctl.obj                     582    108       0      
       can.obj                        654    32        0      
       timer.obj                      240    160       0      
       uart.obj                       156    0         0      
       cpu.obj                        12     0         0      
    +--+------------------------------+------+---------+---------+
       Total:                         2382   464       620    
                                                              
    C:\ti\ccsv7\tools\compiler\ti-cgt-arm_16.9.4.LTS\lib\rtsv7M4_T_le_v4SPD16_eabi.lib
       memcpy_t2.obj                  156    0         0      
       memset_t2.obj                  122    0         0      
       autoinit.obj                   112    0         0      
       copy_decompress_lzss.obj       104    0         0      
       exit.obj                       84     0         12     
       boot.obj                       84     0         0      
       cpy_tbl.obj                    76     0         0      
       _lock.obj                      20     0         8      
       args_main.obj                  24     0         0      
       strlen.obj                     20     0         0      
       copy_decompress_none.obj       14     0         0      
       copy_zero_init.obj             12     0         0      
       pre_init.obj                   4      0         0      
       stkdepth_vars.obj              0      0         4      
       mpu_init.obj                   2      0         0      
       startup.obj                    2      0         0      
    +--+------------------------------+------+---------+---------+
       Total:                         836    0         24     
                                                              
       Stack:                         0      0         512    
       Linker Generated:              0      72        0      
    +--+------------------------------+------+---------+---------+
       Grand Total:                   4210   1156      16166  


LINKER GENERATED COPY TABLES

__TI_cinit_table @ 000014e8 records: 3, size/record: 8, table size: 24
	.data: load addr=000014b8, load size=00000014 bytes, run addr=20003f08, run size=00000024 bytes, compression=lzss
	.bss: load addr=000014d8, load size=00000008 bytes, run addr=2000026c, run size=00003a99 bytes, compression=zero_init
	.vtable: load addr=000014e0, load size=00000008 bytes, run addr=20000000, run size=0000026c bytes, compression=zero_init


LINKER GENERATED HANDLER TABLE

__TI_handler_table @ 000014cc records: 3, size/record: 4, table size: 12
	index: 0, handler: __TI_zero_init
	index: 1, handler: __TI_decompress_lzss
	index: 2, handler: __TI_decompress_none


GLOBAL SYMBOLS: SORTED ALPHABETICALLY BY Name 

address   name                           
-------   ----                           
00000e25  C$$EXIT                        
00000c35  CANBitRateSet                  
0000129d  CANEnable                      
00001021  CANInit                        
00001115  CANIntClear                    
000012bb  CANIntEnable                   
000005a7  CANIntHandler                  
00001137  CANIntStatus                   
000003d9  CANMessageSet                  
00000fa3  CANStatusGet                   
00001279  CPUcpsie                       
00000b51  Download_array_to_can          
000010c5  GPIODirModeSet                 
0000026d  GPIOPadConfigSet               
00000e79  GPIOPinConfigure               
000012cb  GPIOPinRead                    
000011c5  GPIOPinTypeCAN                 
00001179  GPIOPinTypeGPIOOutput          
000011db  GPIOPinTypeUART                
000012d1  GPIOPinWrite                   
00000ca1  IntEnable                      
0000123f  IntMasterEnable                
0000105d  IntRegister                    
00001291  ResetISR                       
UNDEFED   SHT$$INIT_ARRAY$$Base          
UNDEFED   SHT$$INIT_ARRAY$$Limit         
00000631  SysCtlClockGet                 
00000849  SysCtlClockSet                 
000012d7  SysCtlDelay                    
00001091  SysCtlPeripheralEnable         
00000a59  Timer0AIntHandler              
00000d71  TimerConfigure                 
0000124f  TimerEnable                    
000012dd  TimerIntClear                  
000012c3  TimerIntEnable                 
00001193  TimerIntRegister               
0000122d  TimerLoadSet                   
20003f28  TimerOverFlowFlag              
000012a7  UARTCharGet                    
000012b1  UARTCharPut                    
0000125d  UARTCharsAvail                 
00000f5d  UARTConfigSetExpClk            
00001159  UARTDisable                    
000011f1  UARTEnable                     
00000a19  UARTprint                      
20003f08  __STACK_END                    
00000200  __STACK_SIZE                   
20003f08  __STACK_TOP                    
000014e8  __TI_CINIT_Base                
00001500  __TI_CINIT_Limit               
000014cc  __TI_Handler_Table_Base        
000014d8  __TI_Handler_Table_Limit       
00000bc5  __TI_auto_init                 
20003f08  __TI_cleanup_ptr               
00000d09  __TI_decompress_lzss           
0000126b  __TI_decompress_none           
20003f0c  __TI_dtors_ptr                 
20003f10  __TI_enable_exit_profile_output
ffffffff  __TI_pprof_out_hndl            
ffffffff  __TI_prof_data_size            
ffffffff  __TI_prof_data_start           
00000000  __TI_static_base__             
00001285  __TI_zero_init                 
00000ad5  __aeabi_memclr                 
00000ad5  __aeabi_memclr4                
00000ad5  __aeabi_memclr8                
0000093d  __aeabi_memcpy                 
0000093d  __aeabi_memcpy4                
0000093d  __aeabi_memcpy8                
00000ad7  __aeabi_memset                 
00000ad7  __aeabi_memset4                
00000ad7  __aeabi_memset8                
ffffffff  __binit__                      
ffffffff  __c_args__                     
00000b4f  __mpu_init                     
20003d08  __stack                        
000011ad  _args_main                     
00000dd1  _c_int00                       
20003f14  _lock                          
00001213  _nop                           
0000120b  _register_lock                 
00001205  _register_unlock               
00000fe3  _system_post_cinit             
000012e1  _system_pre_init               
20003f18  _unlock                        
00000e29  abort                          
ffffffff  binit                          
00000749  check_download_request         
20003d04  code_downloaded_flag           
00000f11  copy_in                        
2000026c  dummy_image_0                  
00000e31  exit                           
20003f20  g_bErrFlag                     
20000000  g_pfnRAMVectors                
00000000  g_pfnVectors                   
20003f1c  g_ui32MsgCount                 
00000a6b  init_timer                     
000009d9  init_uart                      
00000fe5  main                           
20003f24  main_func_sp                   
0000093d  memcpy                         
00000add  memset                         
00000569  send_message                   
00000509  sender_init                    
20003f2a  size                           
00000a7d  start_timer_ms                 
00001219  strlen                         
0000078d  update                         


GLOBAL SYMBOLS: SORTED BY Symbol Address 

address   name                           
-------   ----                           
00000000  __TI_static_base__             
00000000  g_pfnVectors                   
00000200  __STACK_SIZE                   
0000026d  GPIOPadConfigSet               
000003d9  CANMessageSet                  
00000509  sender_init                    
00000569  send_message                   
000005a7  CANIntHandler                  
00000631  SysCtlClockGet                 
00000749  check_download_request         
0000078d  update                         
00000849  SysCtlClockSet                 
0000093d  __aeabi_memcpy                 
0000093d  __aeabi_memcpy4                
0000093d  __aeabi_memcpy8                
0000093d  memcpy                         
000009d9  init_uart                      
00000a19  UARTprint                      
00000a59  Timer0AIntHandler              
00000a6b  init_timer                     
00000a7d  start_timer_ms                 
00000ad5  __aeabi_memclr                 
00000ad5  __aeabi_memclr4                
00000ad5  __aeabi_memclr8                
00000ad7  __aeabi_memset                 
00000ad7  __aeabi_memset4                
00000ad7  __aeabi_memset8                
00000add  memset                         
00000b4f  __mpu_init                     
00000b51  Download_array_to_can          
00000bc5  __TI_auto_init                 
00000c35  CANBitRateSet                  
00000ca1  IntEnable                      
00000d09  __TI_decompress_lzss           
00000d71  TimerConfigure                 
00000dd1  _c_int00                       
00000e25  C$$EXIT                        
00000e29  abort                          
00000e31  exit                           
00000e79  GPIOPinConfigure               
00000f11  copy_in                        
00000f5d  UARTConfigSetExpClk            
00000fa3  CANStatusGet                   
00000fe3  _system_post_cinit             
00000fe5  main                           
00001021  CANInit                        
0000105d  IntRegister                    
00001091  SysCtlPeripheralEnable         
000010c5  GPIODirModeSet                 
00001115  CANIntClear                    
00001137  CANIntStatus                   
00001159  UARTDisable                    
00001179  GPIOPinTypeGPIOOutput          
00001193  TimerIntRegister               
000011ad  _args_main                     
000011c5  GPIOPinTypeCAN                 
000011db  GPIOPinTypeUART                
000011f1  UARTEnable                     
00001205  _register_unlock               
0000120b  _register_lock                 
00001213  _nop                           
00001219  strlen                         
0000122d  TimerLoadSet                   
0000123f  IntMasterEnable                
0000124f  TimerEnable                    
0000125d  UARTCharsAvail                 
0000126b  __TI_decompress_none           
00001279  CPUcpsie                       
00001285  __TI_zero_init                 
00001291  ResetISR                       
0000129d  CANEnable                      
000012a7  UARTCharGet                    
000012b1  UARTCharPut                    
000012bb  CANIntEnable                   
000012c3  TimerIntEnable                 
000012cb  GPIOPinRead                    
000012d1  GPIOPinWrite                   
000012d7  SysCtlDelay                    
000012dd  TimerIntClear                  
000012e1  _system_pre_init               
000014cc  __TI_Handler_Table_Base        
000014d8  __TI_Handler_Table_Limit       
000014e8  __TI_CINIT_Base                
00001500  __TI_CINIT_Limit               
20000000  g_pfnRAMVectors                
2000026c  dummy_image_0                  
20003d04  code_downloaded_flag           
20003d08  __stack                        
20003f08  __STACK_END                    
20003f08  __STACK_TOP                    
20003f08  __TI_cleanup_ptr               
20003f0c  __TI_dtors_ptr                 
20003f10  __TI_enable_exit_profile_output
20003f14  _lock                          
20003f18  _unlock                        
20003f1c  g_ui32MsgCount                 
20003f20  g_bErrFlag                     
20003f24  main_func_sp                   
20003f28  TimerOverFlowFlag              
20003f2a  size                           
ffffffff  __TI_pprof_out_hndl            
ffffffff  __TI_prof_data_size            
ffffffff  __TI_prof_data_start           
ffffffff  __binit__                      
ffffffff  __c_args__                     
ffffffff  binit                          
UNDEFED   SHT$$INIT_ARRAY$$Base          
UNDEFED   SHT$$INIT_ARRAY$$Limit         

[108 symbols]
