******************************************************************************
                  TI ARM Linker PC v16.9.4                     
******************************************************************************
>> Linked Sat Sep 30 16:03:30 2023

OUTPUT FILE NAME:   <bootloader1.out>
ENTRY POINT SYMBOL: "_c_int00"  address: 0000151d


MEMORY CONFIGURATION

         name            origin    length      used     unused   attr    fill
----------------------  --------  ---------  --------  --------  ----  --------
  FLASH                 00000000   00040000  00001d46  0003e2ba  R  X
  SRAM                  20000000   00008000  000052d0  00002d30  RW X


SEGMENT ALLOCATION MAP

run origin  load origin   length   init length attrs members
----------  ----------- ---------- ----------- ----- -------
00000000    00000000    00001d48   00001d48    r-x
  00000000    00000000    0000026c   0000026c    r-- .intvecs
  0000026c    0000026c    00001892   00001892    r-x .text
  00001b00    00001b00    00000200   00000200    r-- .const
  00001d00    00001d00    00000048   00000048    r-- .cinit
20000000    20000000    000052d0   00000000    rw-
  20000000    20000000    0000026c   00000000    rw- .vtable
  2000026c    2000026c    00004e34   00000000    rw- .bss
  200050a0    200050a0    00000200   00000000    rw- .stack
  200052a0    200052a0    00000030   00000000    rw- .data


SECTION ALLOCATION MAP

 output                                  attributes/
section   page    origin      length       input sections
--------  ----  ----------  ----------   ----------------
.intvecs   0    00000000    0000026c     
                  00000000    0000026c     tm4c123gh6pm_startup_ccs.obj (.intvecs)

.text      0    0000026c    00001892     
                  0000026c    000004a8     uartstdio.obj (.text)
                  00000714    000001d8     can.obj (.text)
                  000008ec    000001b0     bootloader.obj (.text)
                  00000a9c    0000016c     driverlib.lib : gpio.obj (.text:GPIOPadConfigSet)
                  00000c08    00000130                   : can.obj (.text:CANMessageSet)
                  00000d38    00000118                   : sysctl.obj (.text:SysCtlClockGet)
                  00000e50    00000116                   : can.obj (.text:CANMessageGet)
                  00000f66    00000002     rtsv7M4_T_le_v4SPD16_eabi.lib : i_div0.obj (.text)
                  00000f68    000000c4     main.obj (.text)
                  0000102c    0000009c     rtsv7M4_T_le_v4SPD16_eabi.lib : memcpy_t2.obj (.text)
                  000010c8    00000088     timer.obj (.text)
                  00001150    00000080     uart.obj (.text)
                  000011d0    0000007a     rtsv7M4_T_le_v4SPD16_eabi.lib : memset_t2.obj (.text)
                  0000124a    00000002                                   : mpu_init.obj (.text)
                  0000124c    00000070                                   : autoinit.obj (.text)
                  000012bc    0000006c     driverlib.lib : can.obj (.text:CANBitRateSet)
                  00001328    00000068                   : flash.obj (.text:FlashProgram)
                  00001390    00000068                   : interrupt.obj (.text:IntEnable)
                  000013f8    00000068     rtsv7M4_T_le_v4SPD16_eabi.lib : copy_decompress_lzss.obj (.text:decompress:lzss)
                  00001460    00000060     driverlib.lib : timer.obj (.text:TimerConfigure)
                  000014c0    0000005c                   : can.obj (.text:_CANIntNumberGet)
                  0000151c    00000054     rtsv7M4_T_le_v4SPD16_eabi.lib : boot.obj (.text)
                  00001570    00000054                                   : exit.obj (.text)
                  000015c4    0000004c     driverlib.lib : gpio.obj (.text:GPIOPinConfigure)
                  00001610    0000004c                   : timer.obj (.text:_TimerIntNumberGet)
                  0000165c    0000004c     rtsv7M4_T_le_v4SPD16_eabi.lib : cpy_tbl.obj (.text)
                  000016a8    00000046     driverlib.lib : uart.obj (.text:UARTConfigSetExpClk)
                  000016ee    00000040                   : can.obj (.text:CANStatusGet)
                  0000172e    00000040     rtsv7M4_T_le_v4SPD16_eabi.lib : u_divt2.obj (.text)
                  0000176e    0000003a     driverlib.lib : can.obj (.text:CANInit)
                  000017a8    00000038                   : sysctl.obj (.text:SysCtlPeripheralPresent)
                  000017e0    00000034                   : interrupt.obj (.text:IntRegister)
                  00001814    00000034                   : sysctl.obj (.text:SysCtlPeripheralEnable)
                  00001848    00000030                   : flash.obj (.text:FlashErase)
                  00001878    0000002c                   : gpio.obj (.text:GPIODirModeSet)
                  000018a4    0000002a                   : can.obj (.text:_CANDataRegRead)
                  000018ce    00000024                   : can.obj (.text:_CANDataRegWrite)
                  000018f2    00000022                   : can.obj (.text:CANIntClear)
                  00001914    00000020                   : can.obj (.text:CANIntStatus)
                  00001934    00000020                   : uart.obj (.text:UARTDisable)
                  00001954    0000001a                   : gpio.obj (.text:GPIOPinTypeGPIOOutput)
                  0000196e    00000018                   : can.obj (.text:CANIntRegister)
                  00001986    00000018                   : timer.obj (.text:TimerControlStall)
                  0000199e    00000018                   : timer.obj (.text:TimerIntRegister)
                  000019b6    00000002     rtsv7M4_T_le_v4SPD16_eabi.lib : startup.obj (.text)
                  000019b8    00000018                                   : args_main.obj (.text)
                  000019d0    00000016     driverlib.lib : gpio.obj (.text:GPIOPinTypeCAN)
                  000019e6    00000016                   : gpio.obj (.text:GPIOPinTypeUART)
                  000019fc    00000014                   : uart.obj (.text:UARTEnable)
                  00001a10    00000014     rtsv7M4_T_le_v4SPD16_eabi.lib : _lock.obj (.text)
                  00001a24    00000014                                   : strlen.obj (.text)
                  00001a38    00000012     driverlib.lib : timer.obj (.text:TimerLoadSet)
                  00001a4a    00000010                   : interrupt.obj (.text:IntMasterDisable)
                  00001a5a    00000010                   : interrupt.obj (.text:IntMasterEnable)
                  00001a6a    0000000e                   : timer.obj (.text:TimerEnable)
                  00001a78    0000000e     rtsv7M4_T_le_v4SPD16_eabi.lib : copy_decompress_none.obj (.text:decompress:none)
                  00001a86    0000000c     driverlib.lib : cpu.obj (.text:CPUcpsid)
                  00001a92    0000000c                   : cpu.obj (.text:CPUcpsie)
                  00001a9e    0000000c     rtsv7M4_T_le_v4SPD16_eabi.lib : copy_zero_init.obj (.text:decompress:ZI)
                  00001aaa    0000000c     tm4c123gh6pm_startup_ccs.obj (.text)
                  00001ab6    0000000a     driverlib.lib : can.obj (.text:CANEnable)
                  00001ac0    0000000a                   : uart.obj (.text:UARTCharGet)
                  00001aca    0000000a                   : uart.obj (.text:UARTCharPut)
                  00001ad4    00000008                   : can.obj (.text:CANIntEnable)
                  00001adc    00000008                   : timer.obj (.text:TimerIntEnable)
                  00001ae4    00000006                   : gpio.obj (.text:GPIOPinRead)
                  00001aea    00000006                   : gpio.obj (.text:GPIOPinWrite)
                  00001af0    00000006                   : uart.obj (.text:UARTClockSourceSet)
                  00001af6    00000004                   : timer.obj (.text:TimerIntClear)
                  00001afa    00000004     rtsv7M4_T_le_v4SPD16_eabi.lib : pre_init.obj (.text)

.const     0    00001b00    00000200     
                  00001b00    00000090     driverlib.lib : gpio.obj (.const:g_pui32GPIOBaseAddrs)
                  00001b90    0000006c                   : sysctl.obj (.const:g_pui32Xtals)
                  00001bfc    00000060                   : timer.obj (.const:g_ppui32TimerIntMap)
                  00001c5c    00000040                   : timer.obj (.const:g_ppui32TimerIntMapSnowflake)
                  00001c9c    00000020                   : can.obj (.const:g_ui16CANBitValues)
                  00001cbc    00000014                   : interrupt.obj (.const:g_pui32EnRegs)
                  00001cd0    00000012     uartstdio.obj (.const:.string)
                  00001ce2    00000002     --HOLE-- [fill = 0]
                  00001ce4    0000000c     uartstdio.obj (.const:g_ui32UARTBase)
                  00001cf0    0000000c     uartstdio.obj (.const:g_ui32UARTPeriph)
                  00001cfc    00000004     uartstdio.obj (.const)

.cinit     0    00001d00    00000048     
                  00001d00    00000012     (.cinit..data.load) [load image, compression = lzss]
                  00001d12    00000002     --HOLE-- [fill = 0]
                  00001d14    0000000c     (__TI_handler_table)
                  00001d20    00000008     (.cinit..bss.load) [load image, compression = zero_init]
                  00001d28    00000008     (.cinit..vtable.load) [load image, compression = zero_init]
                  00001d30    00000018     (__TI_cinit_table)

.init_array 
*          0    00000000    00000000     UNINITIALIZED

.vtable    0    20000000    0000026c     UNINITIALIZED
                  20000000    0000026c     driverlib.lib : interrupt.obj (.vtable)

.bss       0    2000026c    00004e34     UNINITIALIZED
                  2000026c    00004e20     (.common:dummy_image_1)
                  2000508c    00000014     (.common:sCANMessage)

.stack     0    200050a0    00000200     UNINITIALIZED
                  200050a0    00000200     --HOLE--

.data      0    200052a0    00000030     UNINITIALIZED
                  200052a0    0000000c     rtsv7M4_T_le_v4SPD16_eabi.lib : exit.obj (.data:$O1$$)
                  200052ac    00000008                                   : _lock.obj (.data:$O1$$)
                  200052b4    00000008     can.obj (.data:data)
                  200052bc    00000007     bootloader.obj (.data)
                  200052c3    00000001     --HOLE--
                  200052c4    00000005     uartstdio.obj (.data)
                  200052c9    00000003     --HOLE--
                  200052cc    00000004     rtsv7M4_T_le_v4SPD16_eabi.lib : stkdepth_vars.obj (.data)

MODULE SUMMARY

       Module                         code   ro data   rw data
       ------                         ----   -------   -------
    .\
       bootloader.obj                 432    0         20007  
       uartstdio.obj                  1192   46        5      
       tm4c123gh6pm_startup_ccs.obj   12     620       0      
       can.obj                        472    0         28     
       main.obj                       196    0         0      
       timer.obj                      136    0         0      
       uart.obj                       128    0         0      
    +--+------------------------------+------+---------+---------+
       Total:                         2568   666       20040  
                                                              
    C:/ti/TivaWare_C_Series-2.2.0.295/driverlib/ccs/Debug/driverlib.lib
       can.obj                        1090   32        0      
       interrupt.obj                  188    20        620    
       gpio.obj                       566    144       0      
       sysctl.obj                     388    108       0      
       timer.obj                      264    160       0      
       flash.obj                      152    0         0      
       uart.obj                       148    0         0      
       cpu.obj                        24     0         0      
    +--+------------------------------+------+---------+---------+
       Total:                         2820   464       620    
                                                              
    C:\ti\ccsv7\tools\compiler\ti-cgt-arm_16.9.4.LTS\lib\rtsv7M4_T_le_v4SPD16_eabi.lib
       memcpy_t2.obj                  156    0         0      
       memset_t2.obj                  122    0         0      
       autoinit.obj                   112    0         0      
       copy_decompress_lzss.obj       104    0         0      
       exit.obj                       84     0         12     
       boot.obj                       84     0         0      
       cpy_tbl.obj                    76     0         0      
       u_divt2.obj                    64     0         0      
       _lock.obj                      20     0         8      
       args_main.obj                  24     0         0      
       strlen.obj                     20     0         0      
       copy_decompress_none.obj       14     0         0      
       copy_zero_init.obj             12     0         0      
       pre_init.obj                   4      0         0      
       stkdepth_vars.obj              0      0         4      
       i_div0.obj                     2      0         0      
       mpu_init.obj                   2      0         0      
       startup.obj                    2      0         0      
    +--+------------------------------+------+---------+---------+
       Total:                         902    0         24     
                                                              
       Stack:                         0      0         512    
       Linker Generated:              0      70        0      
    +--+------------------------------+------+---------+---------+
       Grand Total:                   6290   1200      21196  


LINKER GENERATED COPY TABLES

__TI_cinit_table @ 00001d30 records: 3, size/record: 8, table size: 24
	.data: load addr=00001d00, load size=00000012 bytes, run addr=200052a0, run size=00000030 bytes, compression=lzss
	.bss: load addr=00001d20, load size=00000008 bytes, run addr=2000026c, run size=00004e34 bytes, compression=zero_init
	.vtable: load addr=00001d28, load size=00000008 bytes, run addr=20000000, run size=0000026c bytes, compression=zero_init


LINKER GENERATED HANDLER TABLE

__TI_handler_table @ 00001d14 records: 3, size/record: 4, table size: 12
	index: 0, handler: __TI_zero_init
	index: 1, handler: __TI_decompress_lzss
	index: 2, handler: __TI_decompress_none


GLOBAL SYMBOLS: SORTED ALPHABETICALLY BY Name 

address   name                           
-------   ----                           
00001571  C$$EXIT                        
000012bd  CANBitRateSet                  
00001ab7  CANEnable                      
0000176f  CANInit                        
000018f3  CANIntClear                    
00001ad5  CANIntEnable                   
00000715  CANIntHandler                  
0000196f  CANIntRegister                 
00001915  CANIntStatus                   
00000e51  CANMessageGet                  
00000c09  CANMessageSet                  
000016ef  CANStatusGet                   
00001a87  CPUcpsid                       
00001a93  CPUcpsie                       
00001849  FlashErase                     
00001329  FlashProgram                   
00001879  GPIODirModeSet                 
00000a9d  GPIOPadConfigSet               
000015c5  GPIOPinConfigure               
00001ae5  GPIOPinRead                    
000019d1  GPIOPinTypeCAN                 
00001955  GPIOPinTypeGPIOOutput          
000019e7  GPIOPinTypeUART                
00001aeb  GPIOPinWrite                   
00001391  IntEnable                      
00001a4b  IntMasterDisable               
00001a5b  IntMasterEnable                
000017e1  IntRegister                    
000007e5  Recieve_word                   
0000082f  Recieve_word_arr               
00001aab  ResetISR                       
UNDEFED   SHT$$INIT_ARRAY$$Base          
UNDEFED   SHT$$INIT_ARRAY$$Limit         
00000d39  SysCtlClockGet                 
00001815  SysCtlPeripheralEnable         
000017a9  SysCtlPeripheralPresent        
000010c9  Timer0AIntHandler              
00001461  TimerConfigure                 
00001987  TimerControlStall              
00001a6b  TimerEnable                    
00001af7  TimerIntClear                  
00001add  TimerIntEnable                 
0000199f  TimerIntRegister               
00001a39  TimerLoadSet                   
200052c0  TimerOverFlowFlag              
00001ac1  UARTCharGet                    
00001acb  UARTCharPut                    
00001af1  UARTClockSourceSet             
000016a9  UARTConfigSetExpClk            
00001935  UARTDisable                    
000019fd  UARTEnable                     
0000026d  UARTStdioConfig                
000003bd  UARTgetc                       
00000303  UARTgets                       
0000118d  UARTprint                      
000006df  UARTprintf                     
000003e5  UARTvprintf                    
000002b3  UARTwrite                      
200052a0  __STACK_END                    
00000200  __STACK_SIZE                   
200052a0  __STACK_TOP                    
00001d30  __TI_CINIT_Base                
00001d48  __TI_CINIT_Limit               
00001d14  __TI_Handler_Table_Base        
00001d20  __TI_Handler_Table_Limit       
0000124d  __TI_auto_init                 
200052a0  __TI_cleanup_ptr               
000013f9  __TI_decompress_lzss           
00001a79  __TI_decompress_none           
200052a4  __TI_dtors_ptr                 
200052a8  __TI_enable_exit_profile_output
ffffffff  __TI_pprof_out_hndl            
ffffffff  __TI_prof_data_size            
ffffffff  __TI_prof_data_start           
00000000  __TI_static_base__             
00001a9f  __TI_zero_init                 
00000f67  __aeabi_idiv0                  
000011d1  __aeabi_memclr                 
000011d1  __aeabi_memclr4                
000011d1  __aeabi_memclr8                
0000102d  __aeabi_memcpy                 
0000102d  __aeabi_memcpy4                
0000102d  __aeabi_memcpy8                
000011d3  __aeabi_memset                 
000011d3  __aeabi_memset4                
000011d3  __aeabi_memset8                
0000172f  __aeabi_uidiv                  
0000172f  __aeabi_uidivmod               
ffffffff  __binit__                      
ffffffff  __c_args__                     
0000124b  __mpu_init                     
200050a0  __stack                        
000019b9  _args_main                     
0000151d  _c_int00                       
200052ac  _lock                          
00001a1f  _nop                           
00001a17  _register_lock                 
00001a11  _register_unlock               
000019b7  _system_post_cinit             
00001afb  _system_pre_init               
200052b0  _unlock                        
00001575  abort                          
ffffffff  binit                          
00000905  check_update                   
0000165d  copy_in                        
200052b4  data                           
2000026c  dummy_image_1                  
0000157d  exit                           
200052c2  g_bErrFlag                     
200052c1  g_bRXFlag                      
20000000  g_pfnRAMVectors                
00000000  g_pfnVectors                   
0000076d  init_can                       
000010db  init_timer                     
00001151  init_uart                      
000008ed  jump_to_app                    
00000f69  main                           
200052cc  main_func_sp                   
0000102d  memcpy                         
000011d9  memset                         
200052bc  myData                         
2000508c  sCANMessage                    
000010f9  start_timer_ms                 
00001a25  strlen                         
0000094d  update                         


GLOBAL SYMBOLS: SORTED BY Symbol Address 

address   name                           
-------   ----                           
00000000  __TI_static_base__             
00000000  g_pfnVectors                   
00000200  __STACK_SIZE                   
0000026d  UARTStdioConfig                
000002b3  UARTwrite                      
00000303  UARTgets                       
000003bd  UARTgetc                       
000003e5  UARTvprintf                    
000006df  UARTprintf                     
00000715  CANIntHandler                  
0000076d  init_can                       
000007e5  Recieve_word                   
0000082f  Recieve_word_arr               
000008ed  jump_to_app                    
00000905  check_update                   
0000094d  update                         
00000a9d  GPIOPadConfigSet               
00000c09  CANMessageSet                  
00000d39  SysCtlClockGet                 
00000e51  CANMessageGet                  
00000f67  __aeabi_idiv0                  
00000f69  main                           
0000102d  __aeabi_memcpy                 
0000102d  __aeabi_memcpy4                
0000102d  __aeabi_memcpy8                
0000102d  memcpy                         
000010c9  Timer0AIntHandler              
000010db  init_timer                     
000010f9  start_timer_ms                 
00001151  init_uart                      
0000118d  UARTprint                      
000011d1  __aeabi_memclr                 
000011d1  __aeabi_memclr4                
000011d1  __aeabi_memclr8                
000011d3  __aeabi_memset                 
000011d3  __aeabi_memset4                
000011d3  __aeabi_memset8                
000011d9  memset                         
0000124b  __mpu_init                     
0000124d  __TI_auto_init                 
000012bd  CANBitRateSet                  
00001329  FlashProgram                   
00001391  IntEnable                      
000013f9  __TI_decompress_lzss           
00001461  TimerConfigure                 
0000151d  _c_int00                       
00001571  C$$EXIT                        
00001575  abort                          
0000157d  exit                           
000015c5  GPIOPinConfigure               
0000165d  copy_in                        
000016a9  UARTConfigSetExpClk            
000016ef  CANStatusGet                   
0000172f  __aeabi_uidiv                  
0000172f  __aeabi_uidivmod               
0000176f  CANInit                        
000017a9  SysCtlPeripheralPresent        
000017e1  IntRegister                    
00001815  SysCtlPeripheralEnable         
00001849  FlashErase                     
00001879  GPIODirModeSet                 
000018f3  CANIntClear                    
00001915  CANIntStatus                   
00001935  UARTDisable                    
00001955  GPIOPinTypeGPIOOutput          
0000196f  CANIntRegister                 
00001987  TimerControlStall              
0000199f  TimerIntRegister               
000019b7  _system_post_cinit             
000019b9  _args_main                     
000019d1  GPIOPinTypeCAN                 
000019e7  GPIOPinTypeUART                
000019fd  UARTEnable                     
00001a11  _register_unlock               
00001a17  _register_lock                 
00001a1f  _nop                           
00001a25  strlen                         
00001a39  TimerLoadSet                   
00001a4b  IntMasterDisable               
00001a5b  IntMasterEnable                
00001a6b  TimerEnable                    
00001a79  __TI_decompress_none           
00001a87  CPUcpsid                       
00001a93  CPUcpsie                       
00001a9f  __TI_zero_init                 
00001aab  ResetISR                       
00001ab7  CANEnable                      
00001ac1  UARTCharGet                    
00001acb  UARTCharPut                    
00001ad5  CANIntEnable                   
00001add  TimerIntEnable                 
00001ae5  GPIOPinRead                    
00001aeb  GPIOPinWrite                   
00001af1  UARTClockSourceSet             
00001af7  TimerIntClear                  
00001afb  _system_pre_init               
00001d14  __TI_Handler_Table_Base        
00001d20  __TI_Handler_Table_Limit       
00001d30  __TI_CINIT_Base                
00001d48  __TI_CINIT_Limit               
20000000  g_pfnRAMVectors                
2000026c  dummy_image_1                  
2000508c  sCANMessage                    
200050a0  __stack                        
200052a0  __STACK_END                    
200052a0  __STACK_TOP                    
200052a0  __TI_cleanup_ptr               
200052a4  __TI_dtors_ptr                 
200052a8  __TI_enable_exit_profile_output
200052ac  _lock                          
200052b0  _unlock                        
200052b4  data                           
200052bc  myData                         
200052c0  TimerOverFlowFlag              
200052c1  g_bRXFlag                      
200052c2  g_bErrFlag                     
200052cc  main_func_sp                   
ffffffff  __TI_pprof_out_hndl            
ffffffff  __TI_prof_data_size            
ffffffff  __TI_prof_data_start           
ffffffff  __binit__                      
ffffffff  __c_args__                     
ffffffff  binit                          
UNDEFED   SHT$$INIT_ARRAY$$Base          
UNDEFED   SHT$$INIT_ARRAY$$Limit         

[125 symbols]
